
> vite_react_shadcn_ts@0.0.0 build
> vite build

[36mvite v5.4.19 [32mbuilding for production...[36m[39m
transforming...
node.exe : 
Browserslist: browsers 
data (caniuse-lite) is 
9 months old. Please 
run:
At line:1 char:1
+ & "C:\nvm4w\nodejs/no
de.exe" "C:\nvm4w\nodej
s/node_modules/npm/bin/
np ...
+ ~~~~~~~~~~~~~~~~~~~~~
~~~~~~~~~~~~~~~~~~~~~~~
~~~~~~~~~~~~~~~~~~~~~~~
~~
    + CategoryInfo     
         : NotSpecifi  
  ed: (Browserslist:   
  b...ld. Please ru    
n::String) [], Rem    
oteException
    + FullyQualifiedEr 
   rorId : NativeComm  
  andError
 
  npx update-browsersli
st-db@latest
  Why you should do it 
regularly: https://gith
ub.com/browserslist/upd
ate-db#readme
[1m[33m[plugin:vite:d
ynamic-import-vars][39
m[22m [33m[plugin vit
e:dynamic-import-vars] 
src/components/landing/
ArtFormsCarousel.tsx: 
invalid import "../../a
ssets/${src.split("/").
pop()}". A file 
extension must be 
included in the static 
part of the import. 
For example: import(`./
foo/${bar}.js`).[39m
[32mΓ£ô[39m 1712 modules transformed.
[31mx[39m Build 
failed in 11.35s
[31merror during 
build:
[31mCould not resolve 
entry module "@supabase
/supabase-js".[31m
    at getRollupError (
file:///C:/Artikin/arti
kinofficial/node_module
s/rollup/dist/es/shared
/parseAst.js:395:41)
    at error (file:///C
:/Artikin/artikinoffici
al/node_modules/rollup/
dist/es/shared/parseAst
.js:391:42)
    at ModuleLoader.loa
dEntryModule (file:///C
:/Artikin/artikinoffici
al/node_modules/rollup/
dist/es/shared/node-ent
ry.js:20027:20)
    at async 
Promise.all (index 0)
    at async 
Promise.all (index 
0)[39m
